2026-05-13 09:29:07.620+0000 INFO  Logging config in use: File 'E:\environment\neo4j-community-5.26.26\conf\user-logs.xml'
2026-05-13 09:29:07.645+0000 INFO  Starting...
2026-05-13 09:29:09.184+0000 INFO  This instance is ServerId{87a18c1d} (87a18c1d-6ad9-4de0-9534-03ff935dae9f)
2026-05-13 09:29:11.066+0000 INFO  ======== Neo4j 5.26.26 ========
2026-05-13 09:29:14.304+0000 INFO  Bolt enabled on 127.0.0.1:7687.
2026-05-13 09:29:16.534+0000 INFO  HTTP enabled on 127.0.0.1:7474.
2026-05-13 09:29:16.534+0000 INFO  Remote interface available at http://localhost:7474/
2026-05-13 09:29:16.542+0000 INFO  id: FB3B039A7857AC973A9E3B82A4DF286D16BC87314DB14D9088A1FB069A158A18
2026-05-13 09:29:16.544+0000 INFO  name: system
2026-05-13 09:29:16.545+0000 INFO  creationDate: 2026-05-13T09:29:12.847Z
2026-05-13 09:29:16.545+0000 INFO  Started.
2026-05-19 08:17:11.910+0000 INFO  Logging config in use: File 'E:\environment\neo4j-community-5.26.26\conf\user-logs.xml'
2026-05-19 08:17:11.931+0000 INFO  Starting...
2026-05-19 08:17:13.223+0000 INFO  This instance is ServerId{87a18c1d} (87a18c1d-6ad9-4de0-9534-03ff935dae9f)
2026-05-19 08:17:14.904+0000 INFO  ======== Neo4j 5.26.26 ========
2026-05-19 08:17:17.705+0000 INFO  Bolt enabled on 127.0.0.1:7687.
2026-05-19 08:17:20.368+0000 INFO  HTTP enabled on 127.0.0.1:7474.
2026-05-19 08:17:20.370+0000 INFO  Remote interface available at http://localhost:7474/
2026-05-19 08:17:20.376+0000 INFO  id: FB3B039A7857AC973A9E3B82A4DF286D16BC87314DB14D9088A1FB069A158A18
2026-05-19 08:17:20.376+0000 INFO  name: system
2026-05-19 08:17:20.377+0000 INFO  creationDate: 2026-05-13T09:29:12.847Z
2026-05-19 08:17:20.377+0000 INFO  Started.
2026-05-27 08:44:41.116+0000 INFO  Logging config in use: File 'E:\environment\neo4j-community-5.26.26\conf\user-logs.xml'
2026-05-27 08:44:41.149+0000 INFO  Starting...
2026-05-27 08:44:42.955+0000 INFO  This instance is ServerId{87a18c1d} (87a18c1d-6ad9-4de0-9534-03ff935dae9f)
2026-05-27 08:44:44.984+0000 INFO  ======== Neo4j 5.26.26 ========
2026-05-27 08:44:47.966+0000 INFO  Bolt enabled on 127.0.0.1:7687.
2026-05-27 08:44:50.808+0000 INFO  HTTP enabled on 127.0.0.1:7474.
2026-05-27 08:44:50.808+0000 INFO  Remote interface available at http://localhost:7474/
2026-05-27 08:44:50.815+0000 INFO  id: FB3B039A7857AC973A9E3B82A4DF286D16BC87314DB14D9088A1FB069A158A18
2026-05-27 08:44:50.815+0000 INFO  name: system
2026-05-27 08:44:50.820+0000 INFO  creationDate: 2026-05-13T09:29:12.847Z
2026-05-27 08:44:50.821+0000 INFO  Started.
2026-05-27 09:05:18.894+0000 INFO  Logging config in use: File 'E:\environment\neo4j-community-5.26.26\conf\user-logs.xml'
2026-05-27 09:05:18.910+0000 INFO  Starting...
2026-05-27 09:05:20.323+0000 INFO  This instance is ServerId{87a18c1d} (87a18c1d-6ad9-4de0-9534-03ff935dae9f)
2026-05-27 09:05:22.163+0000 INFO  ======== Neo4j 5.26.26 ========
2026-05-27 09:05:25.708+0000 INFO  Bolt enabled on 127.0.0.1:7687.
2026-05-27 09:05:29.684+0000 INFO  HTTP enabled on 127.0.0.1:7474.
2026-05-27 09:05:29.684+0000 INFO  Remote interface available at http://localhost:7474/
2026-05-27 09:05:29.697+0000 INFO  id: FB3B039A7857AC973A9E3B82A4DF286D16BC87314DB14D9088A1FB069A158A18
2026-05-27 09:05:29.698+0000 INFO  name: system
2026-05-27 09:05:29.699+0000 INFO  creationDate: 2026-05-13T09:29:12.847Z
2026-05-27 09:05:29.699+0000 INFO  Started.
2026-05-28 07:58:01.030+0000 INFO  Logging config in use: File 'E:\environment\neo4j-community-5.26.26\conf\user-logs.xml'
2026-05-28 07:58:01.059+0000 INFO  Starting...
2026-05-28 07:58:02.281+0000 INFO  This instance is ServerId{87a18c1d} (87a18c1d-6ad9-4de0-9534-03ff935dae9f)
2026-05-28 07:58:03.832+0000 INFO  ======== Neo4j 5.26.26 ========
2026-05-28 07:58:06.718+0000 INFO  Bolt enabled on 127.0.0.1:7687.
2026-05-28 07:58:09.133+0000 INFO  HTTP enabled on 127.0.0.1:7474.
2026-05-28 07:58:09.139+0000 INFO  Remote interface available at http://localhost:7474/
2026-05-28 07:58:09.145+0000 INFO  id: FB3B039A7857AC973A9E3B82A4DF286D16BC87314DB14D9088A1FB069A158A18
2026-05-28 07:58:09.145+0000 INFO  name: system
2026-05-28 07:58:09.145+0000 INFO  creationDate: 2026-05-13T09:29:12.847Z
2026-05-28 07:58:09.145+0000 INFO  Started.
2026-05-29 02:28:27.552+0000 INFO  Logging config in use: File 'E:\environment\neo4j-community-5.26.26\conf\user-logs.xml'
2026-05-29 02:28:27.579+0000 INFO  Starting...
2026-05-29 02:28:29.213+0000 INFO  This instance is ServerId{87a18c1d} (87a18c1d-6ad9-4de0-9534-03ff935dae9f)
2026-05-29 02:28:31.197+0000 INFO  ======== Neo4j 5.26.26 ========
2026-05-29 02:28:35.774+0000 INFO  Bolt enabled on 127.0.0.1:7687.
2026-05-29 02:28:39.028+0000 INFO  HTTP enabled on 127.0.0.1:7474.
2026-05-29 02:28:39.029+0000 INFO  Remote interface available at http://localhost:7474/
2026-05-29 02:28:39.035+0000 INFO  id: FB3B039A7857AC973A9E3B82A4DF286D16BC87314DB14D9088A1FB069A158A18
2026-05-29 02:28:39.036+0000 INFO  name: system
2026-05-29 02:28:39.037+0000 INFO  creationDate: 2026-05-13T09:29:12.847Z
2026-05-29 02:28:39.037+0000 INFO  Started.
2026-06-09 06:27:34.785+0000 INFO  Logging config in use: File 'E:\environment\neo4j-community-5.26.26\conf\user-logs.xml'
2026-06-09 06:27:34.813+0000 INFO  Starting...
2026-06-09 06:27:36.479+0000 INFO  This instance is ServerId{87a18c1d} (87a18c1d-6ad9-4de0-9534-03ff935dae9f)
2026-06-09 06:27:38.455+0000 INFO  ======== Neo4j 5.26.26 ========
2026-06-09 06:27:41.966+0000 INFO  Bolt enabled on 127.0.0.1:7687.
2026-06-09 06:27:44.613+0000 INFO  HTTP enabled on 127.0.0.1:7474.
2026-06-09 06:27:44.614+0000 INFO  Remote interface available at http://localhost:7474/
2026-06-09 06:27:44.619+0000 INFO  id: FB3B039A7857AC973A9E3B82A4DF286D16BC87314DB14D9088A1FB069A158A18
2026-06-09 06:27:44.622+0000 INFO  name: system
2026-06-09 06:27:44.622+0000 INFO  creationDate: 2026-05-13T09:29:12.847Z
2026-06-09 06:27:44.623+0000 INFO  Started.
2026-06-10 09:16:26.749+0000 INFO  Logging config in use: File 'E:\environment\neo4j-community-5.26.26\conf\user-logs.xml'
2026-06-10 09:16:26.773+0000 INFO  Starting...
2026-06-10 09:16:28.653+0000 INFO  This instance is ServerId{87a18c1d} (87a18c1d-6ad9-4de0-9534-03ff935dae9f)
2026-06-10 09:16:30.633+0000 INFO  ======== Neo4j 5.26.26 ========
2026-06-10 09:16:35.197+0000 INFO  Bolt enabled on 127.0.0.1:7687.
2026-06-10 09:16:38.710+0000 INFO  HTTP enabled on 127.0.0.1:7474.
2026-06-10 09:16:38.711+0000 INFO  Remote interface available at http://localhost:7474/
2026-06-10 09:16:38.715+0000 INFO  id: FB3B039A7857AC973A9E3B82A4DF286D16BC87314DB14D9088A1FB069A158A18
2026-06-10 09:16:38.717+0000 INFO  name: system
2026-06-10 09:16:38.718+0000 INFO  creationDate: 2026-05-13T09:29:12.847Z
2026-06-10 09:16:38.718+0000 INFO  Started.
2026-06-10 14:44:08.062+0000 INFO  Logging config in use: File 'E:\environment\neo4j-community-5.26.26\conf\user-logs.xml'
2026-06-10 14:44:08.098+0000 INFO  Starting...
2026-06-10 14:44:09.610+0000 INFO  This instance is ServerId{87a18c1d} (87a18c1d-6ad9-4de0-9534-03ff935dae9f)
2026-06-10 14:44:11.321+0000 INFO  ======== Neo4j 5.26.26 ========
2026-06-10 14:44:14.636+0000 INFO  Bolt enabled on 127.0.0.1:7687.
2026-06-10 14:44:16.906+0000 INFO  HTTP enabled on 127.0.0.1:7474.
2026-06-10 14:44:16.907+0000 INFO  Remote interface available at http://localhost:7474/
2026-06-10 14:44:16.912+0000 INFO  id: FB3B039A7857AC973A9E3B82A4DF286D16BC87314DB14D9088A1FB069A158A18
2026-06-10 14:44:16.913+0000 INFO  name: system
2026-06-10 14:44:16.913+0000 INFO  creationDate: 2026-05-13T09:29:12.847Z
2026-06-10 14:44:16.914+0000 INFO  Started.
2026-06-11 03:53:12.188+0000 INFO  Logging config in use: File 'E:\environment\neo4j-community-5.26.26\conf\user-logs.xml'
2026-06-11 03:53:12.223+0000 INFO  Starting...
2026-06-11 03:53:13.815+0000 INFO  This instance is ServerId{87a18c1d} (87a18c1d-6ad9-4de0-9534-03ff935dae9f)
2026-06-11 03:53:16.057+0000 INFO  ======== Neo4j 5.26.26 ========
2026-06-11 03:53:20.740+0000 INFO  Bolt enabled on 127.0.0.1:7687.
2026-06-11 03:53:24.390+0000 INFO  HTTP enabled on 127.0.0.1:7474.
2026-06-11 03:53:24.391+0000 INFO  Remote interface available at http://localhost:7474/
2026-06-11 03:53:24.396+0000 INFO  id: FB3B039A7857AC973A9E3B82A4DF286D16BC87314DB14D9088A1FB069A158A18
2026-06-11 03:53:24.396+0000 INFO  name: system
2026-06-11 03:53:24.397+0000 INFO  creationDate: 2026-05-13T09:29:12.847Z
2026-06-11 03:53:24.397+0000 INFO  Started.
